<!DOCTYPE html>
<html lang="en">
<head>
                
</head>
<body>
        <p class="special-paragraph2">Test special-paragraph 1.</p><p class="special-paragraph2">Test special-paragraph 2.</p>
<p class="rot-gelb-gr-n-2008">Classes get escaped</p>
<p class="steps">Classes get escaped</p>
<p class="level1">Level 1</p><blockquote class="level1"><p class="level2">Level2 1</p><p class="level2">Level2 2</p></blockquote>
<div class="phpdocumentor-admonition -note my-class">
            <svg class="phpdocumentor-admonition__icon" fill="none" stroke="currentColor" viewBox="0 0 24 24" xmlns="http://www.w3.org/2000/svg"><path stroke-linecap="round" stroke-linejoin="round" stroke-width="2" d="M7 8h10M7 12h4m1 8l-4-4H5a2 2 0 01-2-2V6a2 2 0 012-2h14a2 2 0 012 2v8a2 2 0 01-2 2h-3l-4 4z"></path></svg>
                    <article>
        
    </article>
</div>
<div class="phpdocumentor-admonition -note">
            <svg class="phpdocumentor-admonition__icon" fill="none" stroke="currentColor" viewBox="0 0 24 24" xmlns="http://www.w3.org/2000/svg"><path stroke-linecap="round" stroke-linejoin="round" stroke-width="2" d="M7 8h10M7 12h4m1 8l-4-4H5a2 2 0 01-2-2V6a2 2 0 012-2h14a2 2 0 012 2v8a2 2 0 01-2 2h-3l-4 4z"></path></svg>
                    <article>
        
    </article>
</div>
<blockquote class="highlights"><p>Block quote text.</p></blockquote>

</body>
</html>