<!DOCTYPE html>
<html lang="en">
<head>
    <title></title>

</head>
<body>
    <p><code class="php">$result = $a + 23;</code><code class="typoscript">lib.hello.value = Hello World!</code><span class="pre file">/etc/passwd</span><kbd>ctrl</kbd> + <kbd>s</kbd></p>
</body>
</html>
