<!DOCTYPE html>
<html lang="en">
<head>

</head>
<body>
    <div class="section" id="subfolder-index">
        <h1>Subfolder Index</h1>
        <p>A Toctree with multiple whitespaces in the directive:</p>

            <div class="toc"><ul class="phpdocumentor-list"><li class="toc-item"><a href="/subfolder2/subpage1.html#subpage-1">Subpage 1</a></li><li class="toc-item"><a href="/subfolder2/subpage2.html#subpage-2">Subpage 2</a></li></ul></div>
    </div>

</body>
</html>
