{
    "std:doc": {
        "index": [
            "My Project",
            null,
            "index.html",
            "Document Title"
        ]
    }
}
