<!DOCTYPE html>
<html lang="en">
<head>
    <title>Anchors between pages</title>

</head>
<body>
    <div class="section" id="anchors-between-pages">
    <h1>Anchors between pages</h1>

            <p>This is a link to the RST Overview: <a href="overview.html#rst-overview">rst-overview</a></p>
            <p>This is a link to the Sphinx Overview: <a href="overview.html#sphinx-overview">sphinx-overview</a></p>
    </div>

</body>
</html>
