<!DOCTYPE html>
<html lang="en">
<head>

</head>
<body>
    <div class="section" id="document-title">
        <h1>Document Title</h1>

        <p>Lorem Ipsum Dolor.</p>
        <div class="toc">
           <ul class="phpdocumentor-list">
              <li class="toc-item"><a href="/page1.html#page-1">Page 1</a></li>
              <li class="toc-item"><a href="/page2.html#page-2">Page 2</a></li>
              <li class="toc-item"><a href="/subfolder/index.html#subfolder-index">Subfolder Index</a></li>
              <li class="toc-item"><a href="/subfolder2/index.html#subfolder-index">Subfolder Index</a></li>
           </ul>
        </div>
    </div>
</body>
</html>
