<!DOCTYPE html>
<html lang="en">
<head>
    <title></title>

</head>
<body>
    
    
<ol class="bignums">
    <li><p>First Item</p><p>This is the body text</p></li>

    <li><p>Second Item</p><p>More body text</p></li>

</ol>


    
<ol class="bignums-xxl">
    <li><p>And then with xxl big numbers</p><p>This is the body text</p></li>

    <li><p>The second xxl item</p><p>More body text ....</p></li>

</ol>

</body>
</html>
