<!DOCTYPE html>
<html lang="en">
<head>

</head>
<body>
<div class="toc"><ul class="phpdocumentor-list"><li class="toc-item"><a href="/page1.html#page-1">Page 1</a></li><li class="toc-item"><a href="/page2.html#page-2">Page 2</a></li></ul></div>
</body>
</html>
