{
    "std:doc": {
        "index": [
            "My Project",
            "3.1.4",
            "index.html",
            "Document Title"
        ]
    }
}