<!DOCTYPE html>
<html lang="en">
<head>
                
</head>
<body>
        <a id="RST Overview"></a>
<div class="section" id="overview">
    <h1>Overview</h1>
            <p>RST Overview content</p>
            <a id="Other Overview"></a>
    </div>
<div class="section" id="overview">
    <h1>Overview</h1>
            <p>Other Overview content</p>
            <p>This is a link to the RST Overview<a href="/index.html#RST Overview">alternative</a></p>
            <p>This is a link to the Other Overview<a href="/index.html#Other Overview">Other Overview</a></p>
            <p>This is a link to <a href="/page.html">Page 1</a>
This is a link to with alternative text <a href="/page.html">alternative</a></p>
    </div>

</body>
</html>