<!DOCTYPE html>
<html lang="en">
<head>

</head>
<body>
    <div class="admonition note highlights">
        <p>A Note with a class</p>
</div>

<div class="admonition note class2 class1">
        <p>A Note with a class</p>
</div>

<pre class="classinoption"><code class="language-php">&lt;?php

echo &#039;Hi&#039;;</code></pre>
<pre class="classindirective"><code class="language-php">&lt;?php

echo &#039;Hi&#039;;</code></pre>
</body>
</html>
