<!DOCTYPE html>
<html lang="en">
<head>
    <title></title>

</head>
<body>
    <table>
    
    <tbody>
                    <tr>
                                    <td>First col</td>
                                    <td>Second col</td>
                                    <td>Third col</td>
                            </tr>
                    <tr>
                                    <td>Second row</td>
                                    <td>Other coll</td>
                                    <td>Other col</td>
                            </tr>
                    <tr>
                                    <td>Third  row</td>
                                    <td>Other col</td>
                                    <td>Last col</td>
                            </tr>
            </tbody>
</table>

</body>
</html>
